// Jest Snapshot v1, https://goo.gl/fbAQLP

exports[`testing header renders correctly 1`] = `
<WithStyles(ForwardRef(Pagination))
  className="makeStyles-root-1"
  count={3}
  onChange={[Function]}
  page={1}
  shape="rounded"
  variant="outlined"
/>
`;
